for e in ..(1 1 10) do ((if ((=) (((%) (e)) (3))) (0) then (fun _1 -> (((printf) ("%A")) (_1); (printf) ("
"))) ("fizz") else (if ((=) (((%) (e)) (5))) (0) then (fun _1 -> (((printf) ("%A")) (_1); (printf) ("
"))) ("buzz") else (if ((=) (((%) (e)) (15))) (0) then (fun _1 -> (((printf) ("%A")) (_1); (printf) ("
"))) ("fizzbuzz") else (fun _1 -> (((printf) ("%A")) (_1); (printf) ("
"))) (e)))))
