let k = (fun declare(int a), declare(int b) -> (return(((+) (a)) (b)))); let main = (fun _ -> (let declare(int e) = (2); (if 0 then (printf) ("aaa") else (printf) ("bbb
"); ((fun _1 -> (fun _2 -> (((printf) ("%i")) (_1); (printf) (" "); ((printf) ("%i")) (_2); (printf) ("
")))) (e)) ((k) (e, e))); return(0))); (main) (())
