struct x = {let declare(int k) = (array(4)); let declare(int l) = (nothing); let declare(int m) = (2)}; let declare(struct x q) = (nothing); let declare(struct x r) = (nothing); let declare(struct x s) = (nothing); let main = (fun () -> (let declare(struct x t) = (nothing); assign(s.l 3); assign(t.m ((+) (s.l)) (1)))); (main) (())
