struct x = {let declare(int k) = (array(4)); let declare(int l) = (nothing); let declare(int m) = (2)}; let declare(x q) = (nothing); let declare(x r) = (nothing); let declare(x s) = (nothing); let main = (fun _ -> (let declare(x t) = (nothing); assign(s.l 3); assign(t.m ((+) (s.l)) (1)))); (main) (())
