let declare(int a) = (nothing); let declare(int b) = (array(50)); struct x = {let declare(int k) = (array(4)); let declare(int l) = (nothing); let declare(int m) = (2); let declare(int n) = (7); let declare(int o) = (nothing); let declare(int p) = (3)}; let declare(struct x q) = (nothing); let declare(struct x r) = (nothing); let declare(struct x s) = (nothing); (main) (())
