stack ["450"]

output ["74"; "
"; "74"; "
"; "74"; "
"; "74"; "
"; "74"; "
"; "74"; "
"; "74"; "
";
 "74"; "
"; "74"; "
"; "74"; "
"; "74"; "
"; "74"; "
"; "74"; "
"; "74"; "
";
 "74"; "
"; "74"; "
"; "74"; "
"; "74"; "
"; "74"; "
"; "74"; "
"; "74"; "
";
 "74"; "
"; "74"; "
"; "74"; "
"; "74"; "
"]
