stack ["0"; "0"; "300"]

output ["74"; "
"; "74"; "
"; "74"; "
"; "74"; "
"; "74"; "
"; "74"; "
"; "74"; "
";
 "74"; "
"; "74"; "
"; "74"; "
"; "74"; "
"; "74"; "
"; "74"; "
"; "74"; "
";
 "74"; "
"; "74"; "
"; "74"; "
"; "74"; "
"; "74"; "
"; "74"; "
"; "74"; "
";
 "74"; "
"; "74"; "
"; "74"; "
"; "74"; "
"]
