stack ["0"; "0"; "556"]

output ["74"; "
"; "74"; "
"; "74"; "
"; "74"; "
"; "74"; "
"; "74"; "
"; "74"; "
";
 "74"; "
"; "74"; "
"; "74"; "
"; "74"; "
"; "74"; "
"; "74"; "
"; "74"; "
";
 "74"; "
"; "74"; "
"; "74"; "
"; "74"; "
"; "74"; "
"; "74"; "
"; "74"; "
";
 "74"; "
"; "74"; "
"; "74"; "
"; "74"; "
"]
